// Jest Snapshot v1, https://goo.gl/fbAQLP

exports[`should render ExpenseSummary component with values 1`] = `
<div>
  <h3>
     
    Viewing 3 expenses totalling $1,141.95
     
  </h3>
</div>
`;
